// Jest Snapshot v1, https://goo.gl/fbAQLP

exports[`LandingPage renders correctly 1`] = `
<v-container>
  <v-row
    class="text-center"
  >
    <v-col
      class="mb-4"
    >
      <h1
        class="display-2 text-center font-weight-bold mb-3"
      >
        
        Welcome to Anastasiia Kerr's assignment for Wunderdog
      
      </h1>
    </v-col>
  </v-row>
   
  <v-row
    class="text-center"
  >
    <v-col
      class="mb-4"
    >
      <h1
        class="red--text"
      >
        ROCK PAPER SCISSORS
      </h1>
    </v-col>
  </v-row>
   
  <v-row
    class="text-center"
  >
    <v-col
      class="mb-4"
    >
      <v-btn
        color="primary"
        id="start_game_button"
        to="/create-game"
      >
        Start new game
      </v-btn>
    </v-col>
  </v-row>
</v-container>
`;
