// Jest Snapshot v1, https://goo.gl/fbAQLP

exports[`UserMenu renders correctly 1`] = `
<div
  class="text-center"
>
  <v-menu-stub
    closedelay="0"
    closeonclick="true"
    closeoncontentclick="true"
    contentclass=""
    maxheight="auto"
    maxwidth="auto"
    nudgebottom="0"
    nudgeleft="0"
    nudgeright="0"
    nudgetop="0"
    nudgewidth="0"
    offsety="true"
    opendelay="0"
    openonclick="true"
    origin="top left"
    transition="v-menu-transition"
  >
     
    <v-list-stub
      tag="div"
    >
      <v-list-item-stub
        activeclass=""
        tag="div"
      >
        <v-btn-stub
          activeclass=""
          color="primary"
          id="leave_button"
          tag="button"
          text="true"
          type="button"
        >
          Leave game
        </v-btn-stub>
      </v-list-item-stub>
    </v-list-stub>
  </v-menu-stub>
   
  <!---->
</div>
`;
